[colorlib.com/etc/coloshop/index.html]
[backblue.gif]
[fade.gif]
[index.html]
[colorlib.com/etc/coloshop/styles/bootstrap4/bootstrap.min.css]
[colorlib.com/etc/coloshop/plugins/font-awesome-4.7.0/css/font-awesome.min.css]
[colorlib.com/etc/coloshop/plugins/OwlCarousel2-2.2.1/owl.carousel.css]
[colorlib.com/etc/coloshop/plugins/OwlCarousel2-2.2.1/owl.theme.default.css]
[colorlib.com/etc/coloshop/plugins/OwlCarousel2-2.2.1/animate.css]
[colorlib.com/etc/coloshop/styles/main_styles.css]
[colorlib.com/etc/coloshop/styles/responsive.css]
[colorlib.com/etc/coloshop/contact.html]
[colorlib.com/etc/coloshop/images/slider_1.jpg]
[colorlib.com/etc/coloshop/images/banner_1.jpg]
[colorlib.com/etc/coloshop/categories.html]
[colorlib.com/etc/coloshop/images/banner_2.jpg]
[colorlib.com/etc/coloshop/images/banner_3.jpg]
[colorlib.com/etc/coloshop/images/product_1.png]
[colorlib.com/etc/coloshop/single.html]
[colorlib.com/etc/coloshop/images/product_2.png]
[colorlib.com/etc/coloshop/images/product_3.png]
[colorlib.com/etc/coloshop/images/product_4.png]
[colorlib.com/etc/coloshop/images/product_5.png]
[colorlib.com/etc/coloshop/images/product_6.png]
[colorlib.com/etc/coloshop/images/product_7.png]
[colorlib.com/etc/coloshop/images/product_8.png]
[colorlib.com/etc/coloshop/images/product_9.png]
[colorlib.com/etc/coloshop/images/product_10.png]
[colorlib.com/etc/coloshop/images/deal_ofthe_week.png]
[colorlib.com/etc/coloshop/images/blog_1.jpg]
[colorlib.com/etc/coloshop/images/blog_2.jpg]
[colorlib.com/etc/coloshop/images/blog_3.jpg]
[colorlib.com/etc/coloshop/js/jquery-3.2.1.min.js]
[colorlib.com/etc/coloshop/styles/bootstrap4/popper.js]
[colorlib.com/etc/coloshop/styles/bootstrap4/bootstrap.min.js]
[colorlib.com/etc/coloshop/plugins/Isotope/isotope.pkgd.min.js]
[colorlib.com/etc/coloshop/plugins/OwlCarousel2-2.2.1/owl.carousel.js]
[colorlib.com/etc/coloshop/plugins/easing/easing.js]
[colorlib.com/etc/coloshop/js/custom.js]
[colorlib.com/etc/coloshop/index.html]
[colorlib.com/etc/coloshop/styles/bootstrap4/bootstrap.min.css]
[ajax.cloudflare.com/cdn-cgi/scripts/95c75768/cloudflare-static/rocket-loader.min.js]
[colorlib.com/etc/coloshop/plugins/font-awesome-4.7.0/fonts/fontawesome-webfont3e6e.eot]
[colorlib.com/etc/coloshop/plugins/font-awesome-4.7.0/fonts/fontawesome-webfontd41d.eot]
[colorlib.com/etc/coloshop/plugins/font-awesome-4.7.0/fonts/fontawesome-webfont3e6e.woff2]
[colorlib.com/etc/coloshop/plugins/font-awesome-4.7.0/fonts/fontawesome-webfont3e6e.woff]
[colorlib.com/etc/coloshop/plugins/font-awesome-4.7.0/fonts/fontawesome-webfont3e6e.ttf]
[colorlib.com/etc/coloshop/plugins/font-awesome-4.7.0/css/font-awesome.min.css]
[colorlib.com/etc/coloshop/plugins/font-awesome-4.7.0/fonts/fontawesome-webfont3e6e.svg]
[colorlib.com/etc/coloshop/plugins/OwlCarousel2-2.2.1/owl.video.play.png]
[colorlib.com/etc/coloshop/plugins/OwlCarousel2-2.2.1/owl.carousel.css]
[colorlib.com/etc/coloshop/plugins/OwlCarousel2-2.2.1/owl.theme.default.css]
[colorlib.com/etc/coloshop/plugins/OwlCarousel2-2.2.1/animate.css]
[colorlib.com/etc/coloshop/styles/main_styles.css]
[colorlib.com/etc/coloshop/styles/responsive.css]
[colorlib.com/etc/coloshop/plugins/themify-icons/themify-icons.css]
[colorlib.com/etc/coloshop/plugins/jquery-ui-1.12.1.custom/jquery-ui.css]
[colorlib.com/etc/coloshop/styles/contact_styles.css]
[colorlib.com/etc/coloshop/styles/contact_responsive.css]
[colorlib.com/cdn-cgi/scripts/5c5dd728/cloudflare-static/email-decode.min.js]
[colorlib.com/etc/coloshop/plugins/jquery-ui-1.12.1.custom/jquery-ui.js]
[colorlib.com/etc/coloshop/contact.html]
[colorlib.com/etc/coloshop/js/contact_custom.js]
[colorlib.com/etc/coloshop/styles/categories_styles.css]
[colorlib.com/etc/coloshop/styles/categories_responsive.css]
[colorlib.com/etc/coloshop/categories.html]
[colorlib.com/etc/coloshop/js/categories_custom.js]
[colorlib.com/etc/coloshop/styles/single_styles.css]
[colorlib.com/etc/coloshop/styles/single_responsive.css]
[colorlib.com/etc/coloshop/images/single_1_thumb.jpg]
[colorlib.com/etc/coloshop/images/single_1.jpg]
[colorlib.com/etc/coloshop/images/single_2_thumb.jpg]
[colorlib.com/etc/coloshop/images/single_2.jpg]
[colorlib.com/etc/coloshop/images/single_3_thumb.jpg]
[colorlib.com/etc/coloshop/images/single_3.jpg]
[colorlib.com/etc/coloshop/images/desc_1.jpg]
[colorlib.com/etc/coloshop/images/desc_2.jpg]
[colorlib.com/etc/coloshop/images/desc_3.jpg]
[colorlib.com/etc/coloshop/single.html]
[colorlib.com/etc/coloshop/js/single_custom.js]
[colorlib.com/etc/coloshop/plugins/font-awesome-4.7.0/fonts/fontawesome-webfont3e6e.svg]
[colorlib.com/etc/coloshop/plugins/themify-icons/fonts/themify9f24.eot]
[colorlib.com/etc/coloshop/plugins/themify-icons/fonts/themifyd41d.eot]
[colorlib.com/etc/coloshop/plugins/themify-icons/fonts/themify9f24.woff]
[colorlib.com/etc/coloshop/plugins/themify-icons/fonts/themify9f24.ttf]
[colorlib.com/etc/coloshop/plugins/themify-icons/themify-icons.css]
[colorlib.com/etc/coloshop/plugins/themify-icons/fonts/themify9f24.svg]
[colorlib.com/etc/coloshop/plugins/jquery-ui-1.12.1.custom/images/ui-icons_444444_256x240.png]
[colorlib.com/etc/coloshop/plugins/jquery-ui-1.12.1.custom/images/ui-icons_555555_256x240.png]
[colorlib.com/etc/coloshop/plugins/jquery-ui-1.12.1.custom/images/ui-icons_ffffff_256x240.png]
[colorlib.com/etc/coloshop/plugins/jquery-ui-1.12.1.custom/images/ui-icons_777620_256x240.png]
[colorlib.com/etc/coloshop/plugins/jquery-ui-1.12.1.custom/images/ui-icons_cc0000_256x240.png]
[colorlib.com/etc/coloshop/plugins/jquery-ui-1.12.1.custom/images/ui-icons_777777_256x240.png]
[colorlib.com/etc/coloshop/plugins/jquery-ui-1.12.1.custom/jquery-ui.css]
[colorlib.com/etc/coloshop/styles/contact_styles.css]
[colorlib.com/etc/coloshop/styles/contact_responsive.css]
[colorlib.com/etc/coloshop/styles/categories_styles.css]
[colorlib.com/etc/coloshop/styles/categories_responsive.css]
[colorlib.com/etc/coloshop/styles/single_styles.css]
[colorlib.com/etc/coloshop/styles/single_responsive.css]
[colorlib.com/etc/coloshop/plugins/themify-icons/fonts/themify9f24.svg]
[colorlib.com/etc/coloshop/plugins/jquery-ui-1.12.1.custom/images/ui-icons_444444_256x240.html]
[colorlib.com/etc/coloshop/plugins/jquery-ui-1.12.1.custom/images/ui-icons_555555_256x240.html]
[colorlib.com/etc/coloshop/plugins/jquery-ui-1.12.1.custom/images/ui-icons_ffffff_256x240.html]
[colorlib.com/etc/coloshop/plugins/jquery-ui-1.12.1.custom/images/ui-icons_777620_256x240.html]
[colorlib.com/etc/coloshop/plugins/jquery-ui-1.12.1.custom/images/ui-icons_cc0000_256x240.html]
[colorlib.com/etc/coloshop/plugins/jquery-ui-1.12.1.custom/images/ui-icons_777777_256x240.html]
