[colorlib.com/preview/theme/akame/portfolio.html]
[backblue.gif]
[fade.gif]
[index.html]
[colorlib.com/preview/theme/akame/img/core-img/favicon.ico]
[colorlib.com/preview/theme/akame/style.css]
[colorlib.com/preview/theme/akame/index.html]
[colorlib.com/preview/theme/akame/img/core-img/logo.png]
[colorlib.com/preview/theme/akame/about.html]
[colorlib.com/preview/theme/akame/service.html]
[colorlib.com/preview/theme/akame/blog.html]
[colorlib.com/preview/theme/akame/single-blog.html]
[colorlib.com/preview/theme/akame/contact.html]
[colorlib.com/preview/theme/akame/img/bg-img/18.jpg]
[colorlib.com/preview/theme/akame/img/bg-img/19.jpg]
[colorlib.com/preview/theme/akame/img/bg-img/20.jpg]
[colorlib.com/preview/theme/akame/img/bg-img/21.jpg]
[colorlib.com/preview/theme/akame/img/bg-img/22.jpg]
[colorlib.com/preview/theme/akame/img/bg-img/23.jpg]
[colorlib.com/preview/theme/akame/img/bg-img/24.jpg]
[colorlib.com/preview/theme/akame/img/bg-img/25.jpg]
[colorlib.com/preview/theme/akame/img/bg-img/26.jpg]
[colorlib.com/preview/theme/akame/img/bg-img/27.jpg]
[colorlib.com/preview/theme/akame/img/bg-img/28.jpg]
[colorlib.com/preview/theme/akame/img/bg-img/29.jpg]
[colorlib.com/cdn-cgi/scripts/5c5dd728/cloudflare-static/email-decode.min.js]
[colorlib.com/preview/theme/akame/js/jquery.min.js]
[colorlib.com/preview/theme/akame/js/popper.min.js]
[colorlib.com/preview/theme/akame/js/bootstrap.min.js]
[colorlib.com/preview/theme/akame/js/akame.bundle.js]
[colorlib.com/preview/theme/akame/js/default-assets/active.js]
[colorlib.com/preview/theme/akame/portfolio.html]
[ajax.cloudflare.com/cdn-cgi/scripts/95c75768/cloudflare-static/rocket-loader.min.js]
[colorlib.com/preview/theme/akame/css/bootstrap.min.css]
[colorlib.com/preview/theme/akame/css/animate.css]
[colorlib.com/preview/theme/akame/css/default-assets/classy-nav.css]
[colorlib.com/preview/theme/akame/css/default-assets/audioplayer.css]
[colorlib.com/preview/theme/akame/css/owl.carousel.min.css]
[colorlib.com/preview/theme/akame/css/magnific-popup.css]
[colorlib.com/preview/theme/akame/css/font-awesome.min.css]
[colorlib.com/preview/theme/akame/style.css]
[colorlib.com/preview/theme/akame/css/style.css]
[colorlib.com/preview/theme/akame/img/bg-img/16.jpg]
[colorlib.com/preview/theme/akame/img/bg-img/15.jpg]
[colorlib.com/preview/theme/akame/img/core-img/s1.png]
[colorlib.com/preview/theme/akame/img/core-img/s3.png]
[colorlib.com/preview/theme/akame/img/core-img/s4.png]
[colorlib.com/preview/theme/akame/img/bg-img/4.jpg]
[colorlib.com/preview/theme/akame/img/bg-img/5.jpg]
[colorlib.com/preview/theme/akame/img/bg-img/6.jpg]
[colorlib.com/preview/theme/akame/img/bg-img/7.jpg]
[colorlib.com/preview/theme/akame/img/bg-img/8.jpg]
[colorlib.com/preview/theme/akame/img/bg-img/9.jpg]
[colorlib.com/preview/theme/akame/img/bg-img/14.png]
[colorlib.com/preview/theme/akame/img/core-img/certificate-1.png]
[colorlib.com/preview/theme/akame/img/core-img/certificate-2.png]
[colorlib.com/preview/theme/akame/img/core-img/certificate-3.png]
[colorlib.com/preview/theme/akame/img/bg-img/10.jpg]
[colorlib.com/preview/theme/akame/img/bg-img/11.jpg]
[colorlib.com/preview/theme/akame/img/bg-img/12.jpg]
[colorlib.com/preview/theme/akame/img/bg-img/13.jpg]
[colorlib.com/preview/theme/akame/img/bg-img/1.jpg]
[colorlib.com/preview/theme/akame/img/bg-img/2.jpg]
[colorlib.com/preview/theme/akame/img/bg-img/3.jpg]
[colorlib.com/preview/theme/akame/img/bg-img/cta.png]
[colorlib.com/preview/theme/akame/index.html]
[colorlib.com/preview/theme/akame/img/core-img/signature.png]
[colorlib.com/preview/theme/akame/img/bg-img/44.jpg]
[colorlib.com/preview/theme/akame/img/core-img/quote.png]
[colorlib.com/preview/theme/akame/about.html]
[colorlib.com/preview/theme/akame/img/bg-img/30.jpg]
[colorlib.com/preview/theme/akame/img/bg-img/31.jpg]
[colorlib.com/preview/theme/akame/img/bg-img/32.jpg]
[colorlib.com/preview/theme/akame/service.html]
[colorlib.com/preview/theme/akame/img/bg-img/33.jpg]
[colorlib.com/preview/theme/akame/img/bg-img/34.jpg]
[colorlib.com/preview/theme/akame/img/bg-img/35.jpg]
[colorlib.com/preview/theme/akame/img/bg-img/36.jpg]
[colorlib.com/preview/theme/akame/img/bg-img/37.jpg]
[colorlib.com/preview/theme/akame/img/bg-img/38.jpg]
[colorlib.com/preview/theme/akame/img/bg-img/39.jpg]
[colorlib.com/preview/theme/akame/img/bg-img/40.jpg]
[colorlib.com/preview/theme/akame/img/bg-img/41.jpg]
[colorlib.com/preview/theme/akame/blog.html]
[colorlib.com/preview/theme/akame/img/bg-img/42.jpg]
[colorlib.com/preview/theme/akame/img/bg-img/43.jpg]
[colorlib.com/preview/theme/akame/single-blog.html]
[colorlib.com/preview/theme/akame/contact.html]
[colorlib.com/preview/theme/akame/css/bootstrap.min.css]
[colorlib.com/preview/theme/akame/css/animate.css]
[colorlib.com/preview/theme/akame/fonts/classycb9b.eot]
[colorlib.com/preview/theme/akame/fonts/classycb9b.ttf]
[colorlib.com/preview/theme/akame/fonts/classycb9b.woff]
[colorlib.com/preview/theme/akame/css/default-assets/classy-nav.css]
[colorlib.com/preview/theme/akame/css/default-assets/audioplayer.css]
[colorlib.com/preview/theme/akame/fonts/classycb9b.svg]
[colorlib.com/preview/theme/akame/css/owl.video.play.png]
[colorlib.com/preview/theme/akame/css/owl.carousel.min.css]
[colorlib.com/preview/theme/akame/css/magnific-popup.css]
[colorlib.com/preview/theme/akame/fonts/fontawesome-webfont3e6e.eot]
[colorlib.com/preview/theme/akame/fonts/fontawesome-webfontd41d.eot]
[colorlib.com/preview/theme/akame/fonts/fontawesome-webfont3e6e.woff2]
[colorlib.com/preview/theme/akame/fonts/fontawesome-webfont3e6e.woff]
[colorlib.com/preview/theme/akame/fonts/fontawesome-webfont3e6e.ttf]
[colorlib.com/preview/theme/akame/css/font-awesome.min.css]
[colorlib.com/preview/theme/akame/fonts/fontawesome-webfont3e6e.svg]
[colorlib.com/preview/theme/akame/css/fonts/ElegantIcons.eot]
[colorlib.com/preview/theme/akame/css/fonts/ElegantIconsd41d.eot]
[colorlib.com/preview/theme/akame/css/fonts/ElegantIcons.woff]
[colorlib.com/preview/theme/akame/css/fonts/ElegantIcons.ttf]
[colorlib.com/preview/theme/akame/css/style.css]
[colorlib.com/preview/theme/akame/fonts/classycb9b.svg]
[colorlib.com/preview/theme/akame/css/owl.video.play.html]
[colorlib.com/preview/theme/akame/fonts/fontawesome-webfont3e6e.svg]
[colorlib.com/preview/theme/akame/css/fonts/ElegantIcons.svg]
[colorlib.com/preview/theme/akame/css/fonts/ElegantIcons.svg]
