[colorlib.com/etc/fashe/index.html]
[backblue.gif]
[fade.gif]
[index.html]
[colorlib.com/etc/fashe/images/icons/favicon.png]
[colorlib.com/etc/fashe/vendor/bootstrap/css/bootstrap.min.css]
[colorlib.com/etc/fashe/fonts/font-awesome-4.7.0/css/font-awesome.min.css]
[colorlib.com/etc/fashe/fonts/themify/themify-icons.css]
[colorlib.com/etc/fashe/fonts/Linearicons-Free-v1.0.0/icon-font.min.css]
[colorlib.com/etc/fashe/fonts/elegant-font/html-css/style.css]
[colorlib.com/etc/fashe/vendor/animate/animate.css]
[colorlib.com/etc/fashe/vendor/css-hamburgers/hamburgers.min.css]
[colorlib.com/etc/fashe/vendor/animsition/css/animsition.min.css]
[colorlib.com/etc/fashe/vendor/select2/select2.min.css]
[colorlib.com/etc/fashe/vendor/daterangepicker/daterangepicker.css]
[colorlib.com/etc/fashe/vendor/slick/slick.css]
[colorlib.com/etc/fashe/vendor/lightbox2/css/lightbox.min.css]
[colorlib.com/etc/fashe/css/util.css]
[colorlib.com/etc/fashe/css/main.css]
[colorlib.com/etc/fashe/images/icons/logo.png]
[colorlib.com/etc/fashe/home-02.html]
[colorlib.com/etc/fashe/home-03.html]
[colorlib.com/etc/fashe/product.html]
[colorlib.com/etc/fashe/cart.html]
[colorlib.com/etc/fashe/blog.html]
[colorlib.com/etc/fashe/about.html]
[colorlib.com/etc/fashe/contact.html]
[colorlib.com/etc/fashe/images/icons/icon-header-01.png]
[colorlib.com/etc/fashe/images/icons/icon-header-02.png]
[colorlib.com/etc/fashe/images/item-cart-01.jpg]
[colorlib.com/etc/fashe/images/item-cart-02.jpg]
[colorlib.com/etc/fashe/images/item-cart-03.jpg]
[colorlib.com/etc/fashe/images/master-slide-02.jpg]
[colorlib.com/etc/fashe/images/master-slide-03.jpg]
[colorlib.com/etc/fashe/images/master-slide-04.jpg]
[colorlib.com/etc/fashe/images/banner-02.jpg]
[colorlib.com/etc/fashe/images/banner-05.jpg]
[colorlib.com/etc/fashe/images/banner-03.jpg]
[colorlib.com/etc/fashe/images/banner-07.jpg]
[colorlib.com/etc/fashe/images/banner-04.jpg]
[colorlib.com/etc/fashe/images/icons/bg-01.jpg]
[colorlib.com/etc/fashe/images/item-02.jpg]
[colorlib.com/etc/fashe/product-detail.html]
[colorlib.com/etc/fashe/images/item-03.jpg]
[colorlib.com/etc/fashe/images/item-05.jpg]
[colorlib.com/etc/fashe/images/item-07.jpg]
[colorlib.com/etc/fashe/images/banner-08.jpg]
[colorlib.com/etc/fashe/images/shop-item-09.jpg]
[colorlib.com/etc/fashe/blog-detail.html]
[colorlib.com/etc/fashe/images/blog-01.jpg]
[colorlib.com/etc/fashe/images/blog-02.jpg]
[colorlib.com/etc/fashe/images/blog-03.jpg]
[colorlib.com/etc/fashe/images/gallery-03.jpg]
[colorlib.com/etc/fashe/images/gallery-07.jpg]
[colorlib.com/etc/fashe/images/gallery-09.jpg]
[colorlib.com/etc/fashe/images/gallery-13.jpg]
[colorlib.com/etc/fashe/images/gallery-15.jpg]
[colorlib.com/etc/fashe/images/icons/paypal.png]
[colorlib.com/etc/fashe/images/icons/visa.png]
[colorlib.com/etc/fashe/images/icons/mastercard.png]
[colorlib.com/etc/fashe/images/icons/express.png]
[colorlib.com/etc/fashe/images/icons/discover.png]
[colorlib.com/cdn-cgi/scripts/5c5dd728/cloudflare-static/email-decode.min.js]
[colorlib.com/etc/fashe/vendor/jquery/jquery-3.2.1.min.js]
[colorlib.com/etc/fashe/vendor/animsition/js/animsition.min.js]
[colorlib.com/etc/fashe/vendor/bootstrap/js/popper.js]
[colorlib.com/etc/fashe/vendor/bootstrap/js/bootstrap.min.js]
[colorlib.com/etc/fashe/vendor/select2/select2.min.js]
[colorlib.com/etc/fashe/vendor/slick/slick.min.js]
[colorlib.com/etc/fashe/js/slick-custom.js]
[colorlib.com/etc/fashe/vendor/countdowntime/countdowntime.js]
[colorlib.com/etc/fashe/vendor/lightbox2/js/lightbox.min.js]
[colorlib.com/etc/fashe/vendor/sweetalert/sweetalert.min.js]
[colorlib.com/etc/fashe/js/main.js]
[colorlib.com/etc/fashe/index.html]
[colorlib.com/etc/fashe/vendor/bootstrap/css/bootstrap.min.css]
[ajax.cloudflare.com/cdn-cgi/scripts/95c75768/cloudflare-static/rocket-loader.min.js]
[colorlib.com/etc/fashe/fonts/font-awesome-4.7.0/fonts/fontawesome-webfont3e6e.eot]
[colorlib.com/etc/fashe/fonts/font-awesome-4.7.0/fonts/fontawesome-webfontd41d.eot]
[colorlib.com/etc/fashe/fonts/font-awesome-4.7.0/fonts/fontawesome-webfont3e6e.woff2]
[colorlib.com/etc/fashe/fonts/font-awesome-4.7.0/fonts/fontawesome-webfont3e6e.woff]
[colorlib.com/etc/fashe/fonts/font-awesome-4.7.0/fonts/fontawesome-webfont3e6e.ttf]
[colorlib.com/etc/fashe/fonts/font-awesome-4.7.0/css/font-awesome.min.css]
[colorlib.com/etc/fashe/fonts/font-awesome-4.7.0/fonts/fontawesome-webfont3e6e.svg]
[colorlib.com/etc/fashe/fonts/themify/fonts/themify9f24.eot]
[colorlib.com/etc/fashe/fonts/themify/fonts/themifyd41d.eot]
[colorlib.com/etc/fashe/fonts/themify/fonts/themify9f24.woff]
[colorlib.com/etc/fashe/fonts/themify/fonts/themify9f24.ttf]
[colorlib.com/etc/fashe/fonts/themify/themify-icons.css]
[colorlib.com/etc/fashe/fonts/Linearicons-Free-v1.0.0/icon-font.min.css]
[colorlib.com/etc/fashe/fonts/themify/fonts/themify9f24.svg]
[colorlib.com/etc/fashe/fonts/elegant-font/html-css/fonts/ElegantIcons.eot]
[colorlib.com/etc/fashe/fonts/elegant-font/html-css/fonts/ElegantIconsd41d.eot]
[colorlib.com/etc/fashe/fonts/elegant-font/html-css/fonts/ElegantIcons.woff]
[colorlib.com/etc/fashe/fonts/elegant-font/html-css/fonts/ElegantIcons.ttf]
[colorlib.com/etc/fashe/fonts/elegant-font/html-css/style.css]
[colorlib.com/etc/fashe/vendor/animate/animate.css]
[colorlib.com/etc/fashe/vendor/css-hamburgers/hamburgers.min.css]
[colorlib.com/etc/fashe/vendor/animsition/css/animsition.min.css]
[colorlib.com/etc/fashe/vendor/select2/select2.min.css]
[colorlib.com/etc/fashe/vendor/daterangepicker/daterangepicker.css]
[colorlib.com/etc/fashe/vendor/slick/slick.css]
[colorlib.com/etc/fashe/fonts/elegant-font/html-css/fonts/ElegantIcons.svg]
[colorlib.com/etc/fashe/vendor/lightbox2/images/close.png]
[colorlib.com/etc/fashe/vendor/lightbox2/images/loading.gif]
[colorlib.com/etc/fashe/vendor/lightbox2/images/prev.png]
[colorlib.com/etc/fashe/vendor/lightbox2/images/next.png]
[colorlib.com/etc/fashe/vendor/lightbox2/css/lightbox.min.css]
[colorlib.com/etc/fashe/images/icons/pattern1.png]
[colorlib.com/etc/fashe/css/util.css]
[colorlib.com/etc/fashe/fonts/montserrat/Montserrat-Regular.ttf]
[colorlib.com/etc/fashe/fonts/montserrat/Montserrat-Medium.ttf]
[colorlib.com/etc/fashe/fonts/montserrat/Montserrat-Bold.ttf]
[colorlib.com/etc/fashe/fonts/montserrat/Montserrat-Italic.ttf]
[colorlib.com/etc/fashe/fonts/Linearicons-Free-v1.0.0/WebFont/Linearicons-Free.ttf]
[colorlib.com/etc/fashe/fonts/montserrat/Montserrat-Black.ttf]
[colorlib.com/etc/fashe/fonts/poppins/Poppins-Bold.ttf]
[colorlib.com/etc/fashe/css/main.css]
[colorlib.com/etc/fashe/fonts/poppins/Poppins-Black.ttf]
[colorlib.com/etc/fashe/images/master-slide-07.jpg]
[colorlib.com/etc/fashe/images/master-slide-06.jpg]
[colorlib.com/etc/fashe/images/banner-10.jpg]
[colorlib.com/etc/fashe/images/item-08.jpg]
[colorlib.com/etc/fashe/images/item-10.jpg]
[colorlib.com/etc/fashe/images/item-06.jpg]
[colorlib.com/etc/fashe/images/item-12.jpg]
[colorlib.com/etc/fashe/images/item-14.jpg]
[colorlib.com/etc/fashe/images/item-01.jpg]
[colorlib.com/etc/fashe/images/item-11.jpg]
[colorlib.com/etc/fashe/images/item-15.jpg]
[colorlib.com/etc/fashe/images/bg-video-01.jpg]
[colorlib.com/etc/fashe/images/icons/video-16-9.jpg]
[colorlib.com/etc/fashe/home-02.html]
[colorlib.com/etc/fashe/vendor/parallax100/parallax100.js]
[colorlib.com/etc/fashe/images/master-slide-08.jpg]
[colorlib.com/etc/fashe/images/bg-banner-02.jpg]
[colorlib.com/etc/fashe/home-03.html]
[colorlib.com/etc/fashe/vendor/noui/nouislider.min.css]
[colorlib.com/etc/fashe/images/heading-pages-02.jpg]
[colorlib.com/etc/fashe/vendor/daterangepicker/moment.min.js]
[colorlib.com/etc/fashe/vendor/daterangepicker/daterangepicker.js]
[colorlib.com/etc/fashe/product.html]
[colorlib.com/etc/fashe/vendor/noui/nouislider.min.js]
[colorlib.com/etc/fashe/images/heading-pages-01.jpg]
[colorlib.com/etc/fashe/cart.html]
[colorlib.com/etc/fashe/images/heading-pages-05.jpg]
[colorlib.com/etc/fashe/images/blog-04.jpg]
[colorlib.com/etc/fashe/images/blog-05.jpg]
[colorlib.com/etc/fashe/images/blog-08.jpg]
[colorlib.com/etc/fashe/images/item-16.jpg]
[colorlib.com/etc/fashe/images/item-17.jpg]
[colorlib.com/etc/fashe/blog.html]
[colorlib.com/etc/fashe/images/heading-pages-06.jpg]
[colorlib.com/etc/fashe/images/banner-14.jpg]
[colorlib.com/etc/fashe/about.html]
[colorlib.com/etc/fashe/contact.html]
[colorlib.com/etc/fashe/js/map-custom.js]
[colorlib.com/etc/fashe/images/thumb-item-01.jpg]
[colorlib.com/etc/fashe/images/product-detail-01.jpg]
[colorlib.com/etc/fashe/images/thumb-item-02.jpg]
[colorlib.com/etc/fashe/images/product-detail-02.jpg]
[colorlib.com/etc/fashe/images/thumb-item-03.jpg]
[colorlib.com/etc/fashe/images/product-detail-03.jpg]
[colorlib.com/etc/fashe/product-detail.html]
[colorlib.com/etc/fashe/blog-detail.html]
[colorlib.com/etc/fashe/fonts/font-awesome-4.7.0/fonts/fontawesome-webfont3e6e.svg]
[colorlib.com/etc/fashe/fonts/themify/fonts/themify9f24.svg]
[colorlib.com/etc/fashe/fonts/elegant-font/html-css/fonts/ElegantIcons.svg]
[colorlib.com/etc/fashe/images/icons/pattern1.html]
[colorlib.com/etc/fashe/vendor/noui/nouislider.min.css]
