[colorlib.com/etc/TOPBuilder/index.html]
[backblue.gif]
[fade.gif]
[index.html]
[colorlib.com/etc/TOPBuilder/images/favicon.png]
[colorlib.com/etc/TOPBuilder/css/bootstrap.min.css]
[colorlib.com/etc/TOPBuilder/vendors/animate/animate.css]
[colorlib.com/etc/TOPBuilder/vendors/font-awesome/css/font-awesome.min.css]
[colorlib.com/etc/TOPBuilder/vendors/camera-slider/camera.css]
[colorlib.com/etc/TOPBuilder/vendors/owl_carousel/owl.carousel.css]
[colorlib.com/etc/TOPBuilder/css/style.css]
[colorlib.com/etc/TOPBuilder/images/logo.png]
[colorlib.com/etc/TOPBuilder/index-2.html]
[colorlib.com/etc/TOPBuilder/about.html]
[colorlib.com/etc/TOPBuilder/about-2.html]
[colorlib.com/etc/TOPBuilder/services.html]
[colorlib.com/etc/TOPBuilder/services-2.html]
[colorlib.com/etc/TOPBuilder/blog.html]
[colorlib.com/etc/TOPBuilder/blog-2.html]
[colorlib.com/etc/TOPBuilder/contact.html]
[colorlib.com/etc/TOPBuilder/images/slider-1.jpg]
[colorlib.com/etc/TOPBuilder/images/slider-2.jpg]
[colorlib.com/etc/TOPBuilder/images/about_client.jpg]
[colorlib.com/etc/TOPBuilder/images/cns-1.jpg]
[colorlib.com/etc/TOPBuilder/images/cns-2.jpg]
[colorlib.com/etc/TOPBuilder/images/cns-3.jpg]
[colorlib.com/etc/TOPBuilder/images/feature-man.jpg]
[colorlib.com/etc/TOPBuilder/images/gallery/sv-1.jpg]
[colorlib.com/etc/TOPBuilder/images/gallery/sv-2.jpg]
[colorlib.com/etc/TOPBuilder/images/gallery/sv-3.jpg]
[colorlib.com/etc/TOPBuilder/images/gallery/sv-4.jpg]
[colorlib.com/etc/TOPBuilder/images/gallery/sv-5.jpg]
[colorlib.com/etc/TOPBuilder/images/gallery/sv-6.jpg]
[colorlib.com/etc/TOPBuilder/images/team/tm-1.jpg]
[colorlib.com/etc/TOPBuilder/images/team/tm-2.jpg]
[colorlib.com/etc/TOPBuilder/images/team/tm-3.jpg]
[colorlib.com/etc/TOPBuilder/images/team/tm-4.jpg]
[colorlib.com/etc/TOPBuilder/images/testimonial-2.jpg]
[colorlib.com/etc/TOPBuilder/images/testimonial-3.jpg]
[colorlib.com/etc/TOPBuilder/images/testimonial-1.jpg]
[colorlib.com/etc/TOPBuilder/images/gallery/gl-1.jpg]
[colorlib.com/etc/TOPBuilder/images/gallery/gl-2.jpg]
[colorlib.com/etc/TOPBuilder/images/gallery/gl-3.jpg]
[colorlib.com/etc/TOPBuilder/images/gallery/gl-4.jpg]
[colorlib.com/etc/TOPBuilder/images/gallery/gl-5.jpg]
[colorlib.com/etc/TOPBuilder/images/gallery/gl-6.jpg]
[colorlib.com/etc/TOPBuilder/images/gallery/gl-7.jpg]
[colorlib.com/etc/TOPBuilder/images/gallery/gl-8.jpg]
[colorlib.com/etc/TOPBuilder/images/blog/lb-1.jpg]
[colorlib.com/etc/TOPBuilder/images/blog/lb-2.jpg]
[colorlib.com/etc/TOPBuilder/images/blog/lb-3.jpg]
[colorlib.com/etc/TOPBuilder/images/client_logo/client_logo-1.png]
[colorlib.com/etc/TOPBuilder/images/client_logo/client_logo-2.png]
[colorlib.com/etc/TOPBuilder/images/client_logo/client_logo-3.png]
[colorlib.com/etc/TOPBuilder/images/client_logo/client_logo-4.png]
[colorlib.com/etc/TOPBuilder/images/client_logo/client_logo-5.png]
[colorlib.com/etc/TOPBuilder/images/footer-logo.png]
[colorlib.com/cdn-cgi/scripts/5c5dd728/cloudflare-static/email-decode.min.js]
[colorlib.com/etc/TOPBuilder/js/jquery-1.12.0.min.js]
[colorlib.com/etc/TOPBuilder/js/bootstrap.min.js]
[colorlib.com/etc/TOPBuilder/vendors/animate/wow.min.js]
[colorlib.com/etc/TOPBuilder/vendors/camera-slider/jquery.easing.1.3.js]
[colorlib.com/etc/TOPBuilder/vendors/camera-slider/camera.min.js]
[colorlib.com/etc/TOPBuilder/vendors/isotope/imagesloaded.pkgd.min.js]
[colorlib.com/etc/TOPBuilder/vendors/isotope/isotope.pkgd.min.js]
[colorlib.com/etc/TOPBuilder/vendors/Counter-Up/jquery.counterup.min.js]
[colorlib.com/etc/TOPBuilder/vendors/Counter-Up/waypoints.min.js]
[colorlib.com/etc/TOPBuilder/vendors/owl_carousel/owl.carousel.min.js]
[colorlib.com/etc/TOPBuilder/vendors/stellar/jquery.stellar.js]
[colorlib.com/etc/TOPBuilder/js/theme.js]
[colorlib.com/etc/TOPBuilder/index.html]
[ajax.cloudflare.com/cdn-cgi/scripts/95c75768/cloudflare-static/rocket-loader.min.js]
[colorlib.com/etc/TOPBuilder/fonts/glyphicons-halflings-regular.eot]
[colorlib.com/etc/TOPBuilder/fonts/glyphicons-halflings-regulard41d.eot]
[colorlib.com/etc/TOPBuilder/fonts/glyphicons-halflings-regular.woff2]
[colorlib.com/etc/TOPBuilder/fonts/glyphicons-halflings-regular.woff]
[colorlib.com/etc/TOPBuilder/fonts/glyphicons-halflings-regular.ttf]
[colorlib.com/etc/TOPBuilder/css/bootstrap.min.css]
[colorlib.com/etc/TOPBuilder/vendors/animate/animate.css]
[colorlib.com/etc/TOPBuilder/fonts/glyphicons-halflings-regular.svg]
[colorlib.com/etc/TOPBuilder/vendors/font-awesome/fonts/fontawesome-webfont3e6e.eot]
[colorlib.com/etc/TOPBuilder/vendors/font-awesome/fonts/fontawesome-webfontd41d.eot]
[colorlib.com/etc/TOPBuilder/vendors/font-awesome/fonts/fontawesome-webfont3e6e.woff2]
[colorlib.com/etc/TOPBuilder/vendors/font-awesome/fonts/fontawesome-webfont3e6e.woff]
[colorlib.com/etc/TOPBuilder/vendors/font-awesome/fonts/fontawesome-webfont3e6e.ttf]
[colorlib.com/etc/TOPBuilder/vendors/font-awesome/css/font-awesome.min.css]
[colorlib.com/etc/TOPBuilder/vendors/font-awesome/fonts/fontawesome-webfont3e6e.svg]
[colorlib.com/etc/TOPBuilder/vendors/camera-slider/images/blank.gif]
[colorlib.com/etc/TOPBuilder/vendors/camera-slider/images/camera-loader.gif]
[colorlib.com/etc/TOPBuilder/vendors/camera-slider/images/camera_skins.png]
[colorlib.com/etc/TOPBuilder/vendors/camera-slider/images/patterns/overlay1.png]
[colorlib.com/etc/TOPBuilder/vendors/camera-slider/images/patterns/overlay2.png]
[colorlib.com/etc/TOPBuilder/vendors/camera-slider/images/patterns/overlay3.png]
[colorlib.com/etc/TOPBuilder/vendors/camera-slider/images/patterns/overlay4.png]
[colorlib.com/etc/TOPBuilder/vendors/camera-slider/images/patterns/overlay5.png]
[colorlib.com/etc/TOPBuilder/vendors/camera-slider/images/patterns/overlay6.png]
[colorlib.com/etc/TOPBuilder/vendors/camera-slider/images/patterns/overlay7.png]
[colorlib.com/etc/TOPBuilder/vendors/camera-slider/images/patterns/overlay8.png]
[colorlib.com/etc/TOPBuilder/vendors/camera-slider/images/patterns/overlay9.png]
[colorlib.com/etc/TOPBuilder/vendors/camera-slider/images/patterns/overlay10.png]
[colorlib.com/etc/TOPBuilder/vendors/camera-slider/camera.css]
[colorlib.com/etc/TOPBuilder/vendors/owl_carousel/owl.video.play.png]
[colorlib.com/etc/TOPBuilder/vendors/owl_carousel/owl.carousel.css]
[colorlib.com/etc/TOPBuilder/images/preloader.gif]
[colorlib.com/etc/TOPBuilder/vendors/camera-slider/images/prev.png]
[colorlib.com/etc/TOPBuilder/vendors/camera-slider/images/next.png]
[colorlib.com/etc/TOPBuilder/images/banner-bg.jpg]
[colorlib.com/etc/TOPBuilder/images/achievments_bg.jpg]
[colorlib.com/etc/TOPBuilder/images/protfolio_bg.jpg]
[colorlib.com/etc/TOPBuilder/images/footer.jpg]
[colorlib.com/etc/TOPBuilder/css/style.css]
[colorlib.com/etc/TOPBuilder/images/feature-man-2.jpg]
[colorlib.com/etc/TOPBuilder/index-2.html]
[colorlib.com/etc/TOPBuilder/images/feature-man-4.jpg]
[colorlib.com/etc/TOPBuilder/images/feature-man-3.jpg]
[colorlib.com/etc/TOPBuilder/about.html]
[colorlib.com/etc/TOPBuilder/images/team/tm-5.jpg]
[colorlib.com/etc/TOPBuilder/images/team/tm-6.jpg]
[colorlib.com/etc/TOPBuilder/images/team/tm-7.jpg]
[colorlib.com/etc/TOPBuilder/images/team/tm-8.jpg]
[colorlib.com/etc/TOPBuilder/about-2.html]
[colorlib.com/etc/TOPBuilder/services.html]
[colorlib.com/etc/TOPBuilder/vendors/lightbox/css/lightbox.min.css]
[colorlib.com/etc/TOPBuilder/images/construction.jpg]
[colorlib.com/etc/TOPBuilder/images/construction-2.jpg]
[colorlib.com/etc/TOPBuilder/vendors/lightbox/js/lightbox.min.js]
[colorlib.com/etc/TOPBuilder/services-2.html]
[colorlib.com/etc/TOPBuilder/images/blog/blog_hed-1.jpg]
[colorlib.com/etc/TOPBuilder/images/testimonial-4.jpg]
[colorlib.com/etc/TOPBuilder/images/blog/rs-1.jpg]
[colorlib.com/etc/TOPBuilder/images/blog/rs-2.jpg]
[colorlib.com/etc/TOPBuilder/images/blog/rs-3.jpg]
[colorlib.com/etc/TOPBuilder/blog.html]
[colorlib.com/etc/TOPBuilder/images/blog/renovation/r-1.jpg]
[colorlib.com/etc/TOPBuilder/images/blog/renovation/r-2.jpg]
[colorlib.com/etc/TOPBuilder/images/blog/renovation/r-3.jpg]
[colorlib.com/etc/TOPBuilder/images/blog/renovation/r-4.jpg]
[colorlib.com/etc/TOPBuilder/images/blog/renovation/r-5.jpg]
[colorlib.com/etc/TOPBuilder/images/blog/renovation/r-6.jpg]
[colorlib.com/etc/TOPBuilder/images/blog/renovation/r-7.jpg]
[colorlib.com/etc/TOPBuilder/images/blog/renovation/r-8.jpg]
[colorlib.com/etc/TOPBuilder/images/blog/renovation/r-9.jpg]
[colorlib.com/etc/TOPBuilder/blog-2.html]
[colorlib.com/etc/TOPBuilder/404.html]
[colorlib.com/etc/TOPBuilder/contact.html]
[colorlib.com/etc/TOPBuilder/fonts/glyphicons-halflings-regular.svg]
[colorlib.com/etc/TOPBuilder/vendors/font-awesome/fonts/fontawesome-webfont3e6e.svg]
[colorlib.com/etc/TOPBuilder/vendors/owl_carousel/owl.video.play.html]
[colorlib.com/etc/TOPBuilder/vendors/lightbox/css/lightbox.min.html]
[colorlib.com/etc/TOPBuilder/vendors/lightbox/js/lightbox.min.html]
[colorlib.com/etc/TOPBuilder/404.html]
[colorlib.com/etc/TOPBuilder/vendors/map/topbuilder_map.min.js]
