[colorlib.com/preview/theme/health/index.html]
[backblue.gif]
[fade.gif]
[index.html]
[colorlib.com/preview/theme/health/styles/bootstrap4/bootstrap.min.css]
[colorlib.com/preview/theme/health/plugins/font-awesome-4.7.0/css/font-awesome.min.css]
[colorlib.com/preview/theme/health/plugins/OwlCarousel2-2.2.1/owl.carousel.css]
[colorlib.com/preview/theme/health/plugins/OwlCarousel2-2.2.1/owl.theme.default.css]
[colorlib.com/preview/theme/health/plugins/OwlCarousel2-2.2.1/animate.css]
[colorlib.com/preview/theme/health/styles/main_styles.css]
[colorlib.com/preview/theme/health/styles/responsive.css]
[colorlib.com/preview/theme/health/index-2.html]
[colorlib.com/preview/theme/health/news.html]
[colorlib.com/preview/theme/health/contact.html]
[colorlib.com/preview/theme/health/images/index_hero.jpg]
[colorlib.com/preview/theme/health/about.html]
[colorlib.com/preview/theme/health/services.html]
[colorlib.com/preview/theme/health/images/info_1.jpg]
[colorlib.com/preview/theme/health/images/info_2.jpg]
[colorlib.com/preview/theme/health/images/icon_1.svg]
[colorlib.com/preview/theme/health/images/icon_2.svg]
[colorlib.com/preview/theme/health/images/icon_3.svg]
[colorlib.com/preview/theme/health/images/icon_4.svg]
[colorlib.com/preview/theme/health/images/icon_5.svg]
[colorlib.com/preview/theme/health/images/icon_6.svg]
[colorlib.com/preview/theme/health/images/dept_1.jpg]
[colorlib.com/preview/theme/health/images/dept_2.jpg]
[colorlib.com/preview/theme/health/images/dept_3.jpg]
[colorlib.com/preview/theme/health/images/dept_4.jpg]
[colorlib.com/preview/theme/health/images/latest_1.jpg]
[colorlib.com/preview/theme/health/images/latest_2.jpg]
[colorlib.com/preview/theme/health/images/latest_3.jpg]
[colorlib.com/preview/theme/health/js/jquery-3.3.1.min.js]
[colorlib.com/preview/theme/health/styles/bootstrap4/popper.js]
[colorlib.com/preview/theme/health/styles/bootstrap4/bootstrap.min.js]
[colorlib.com/preview/theme/health/plugins/OwlCarousel2-2.2.1/owl.carousel.js]
[colorlib.com/preview/theme/health/plugins/parallax-js-master/parallax.min.js]
[colorlib.com/preview/theme/health/plugins/easing/easing.js]
[colorlib.com/preview/theme/health/js/custom.js]
[colorlib.com/preview/theme/health/index.html]
[colorlib.com/preview/theme/health/styles/bootstrap4/bootstrap.min.css]
[ajax.cloudflare.com/cdn-cgi/scripts/95c75768/cloudflare-static/rocket-loader.min.js]
[colorlib.com/preview/theme/health/plugins/font-awesome-4.7.0/fonts/fontawesome-webfont3e6e.eot]
[colorlib.com/preview/theme/health/plugins/font-awesome-4.7.0/fonts/fontawesome-webfontd41d.eot]
[colorlib.com/preview/theme/health/plugins/font-awesome-4.7.0/fonts/fontawesome-webfont3e6e.woff2]
[colorlib.com/preview/theme/health/plugins/font-awesome-4.7.0/fonts/fontawesome-webfont3e6e.woff]
[colorlib.com/preview/theme/health/plugins/font-awesome-4.7.0/fonts/fontawesome-webfont3e6e.ttf]
[colorlib.com/preview/theme/health/plugins/font-awesome-4.7.0/css/font-awesome.min.css]
[colorlib.com/preview/theme/health/plugins/font-awesome-4.7.0/fonts/fontawesome-webfont3e6e.svg]
[colorlib.com/preview/theme/health/plugins/OwlCarousel2-2.2.1/owl.video.play.png]
[colorlib.com/preview/theme/health/plugins/OwlCarousel2-2.2.1/owl.carousel.css]
[colorlib.com/preview/theme/health/plugins/OwlCarousel2-2.2.1/owl.theme.default.css]
[colorlib.com/preview/theme/health/plugins/OwlCarousel2-2.2.1/animate.css]
[colorlib.com/preview/theme/health/images/down.png]
[colorlib.com/preview/theme/health/styles/main_styles.css]
[colorlib.com/preview/theme/health/styles/responsive.css]
[colorlib.com/preview/theme/health/index-2.html]
[colorlib.com/preview/theme/health/styles/news.css]
[colorlib.com/preview/theme/health/styles/news_responsive.css]
[colorlib.com/preview/theme/health/images/news_1.jpg]
[colorlib.com/preview/theme/health/images/news_2.jpg]
[colorlib.com/preview/theme/health/images/news_3.jpg]
[colorlib.com/preview/theme/health/plugins/greensock/TweenMax.min.js]
[colorlib.com/preview/theme/health/plugins/greensock/TimelineMax.min.js]
[colorlib.com/preview/theme/health/plugins/scrollmagic/ScrollMagic.min.js]
[colorlib.com/preview/theme/health/plugins/greensock/animation.gsap.min.js]
[colorlib.com/preview/theme/health/plugins/greensock/ScrollToPlugin.min.js]
[colorlib.com/preview/theme/health/news.html]
[colorlib.com/preview/theme/health/js/news.js]
[colorlib.com/preview/theme/health/styles/contact.css]
[colorlib.com/preview/theme/health/styles/contact_responsive.css]
[colorlib.com/cdn-cgi/scripts/5c5dd728/cloudflare-static/email-decode.min.js]
[colorlib.com/preview/theme/health/contact.html]
[colorlib.com/preview/theme/health/js/contact.js]
[colorlib.com/preview/theme/health/styles/about.css]
[colorlib.com/preview/theme/health/styles/about_responsive.css]
[colorlib.com/preview/theme/health/images/about_1.jpg]
[colorlib.com/preview/theme/health/images/icon_7.svg]
[colorlib.com/preview/theme/health/images/icon_8.svg]
[colorlib.com/preview/theme/health/images/icon_9.svg]
[colorlib.com/preview/theme/health/images/doctors.jpg]
[colorlib.com/preview/theme/health/images/doc_1.jpg]
[colorlib.com/preview/theme/health/images/doc_2.jpg]
[colorlib.com/preview/theme/health/images/doc_3.jpg]
[colorlib.com/preview/theme/health/images/doc_4.jpg]
[colorlib.com/preview/theme/health/images/doc_5.jpg]
[colorlib.com/preview/theme/health/images/doc_6.jpg]
[colorlib.com/preview/theme/health/images/doc_7.jpg]
[colorlib.com/preview/theme/health/images/doc_8.jpg]
[colorlib.com/preview/theme/health/about.html]
[colorlib.com/preview/theme/health/js/about.js]
[colorlib.com/preview/theme/health/styles/services.css]
[colorlib.com/preview/theme/health/styles/services_responsive.css]
[colorlib.com/preview/theme/health/images/box_1.jpg]
[colorlib.com/preview/theme/health/images/box_2.jpg]
[colorlib.com/preview/theme/health/images/box_3.jpg]
[colorlib.com/preview/theme/health/images/tabs.jpg]
[colorlib.com/preview/theme/health/services.html]
[colorlib.com/preview/theme/health/images/icon_1.svg]
[colorlib.com/preview/theme/health/images/icon_2.svg]
[colorlib.com/preview/theme/health/images/icon_3.svg]
[colorlib.com/preview/theme/health/images/icon_4.svg]
[colorlib.com/preview/theme/health/images/icon_5.svg]
[colorlib.com/preview/theme/health/images/icon_6.svg]
[colorlib.com/preview/theme/health/plugins/font-awesome-4.7.0/fonts/fontawesome-webfont3e6e.svg]
[colorlib.com/preview/theme/health/styles/news.css]
[colorlib.com/preview/theme/health/styles/news_responsive.css]
[colorlib.com/preview/theme/health/styles/contact.css]
[colorlib.com/preview/theme/health/styles/contact_responsive.css]
[colorlib.com/preview/theme/health/styles/about.css]
[colorlib.com/preview/theme/health/styles/about_responsive.css]
[colorlib.com/preview/theme/health/images/icon_7.svg]
[colorlib.com/preview/theme/health/images/icon_8.svg]
[colorlib.com/preview/theme/health/images/icon_9.svg]
[colorlib.com/preview/theme/health/styles/services.css]
[colorlib.com/preview/theme/health/styles/services_responsive.css]
[colorlib.com/preview/theme/health/js/services.js]
